// Jest Snapshot v1, https://goo.gl/fbAQLP

exports[`rendering testing renders without error 1`] = `"<div class=\\"form-group bmd-form-group\\"><label class=\\"control-label bmd-label-static\\" for=\\"the-select\\">the select</label><select name=\\"the-select\\" id=\\"the-select\\" class=\\"form-control\\"><option data-test=\\"option\\"></option><option data-test=\\"option\\">first-option</option><option data-test=\\"option\\">second-option</option><option data-test=\\"option\\">third-option</option></select></div>"`;
