// Jest Snapshot v1, https://goo.gl/fbAQLP

exports[`rendering testing renders without error 1`] = `"<div class=\\"form-group bmd-form-group  has-danger\\"><label class=\\"control-label bmd-label-static\\" for=\\"the-input\\">the input</label><input type=\\"text\\" name=\\"the-input\\" id=\\"the-input\\" class=\\"form-control\\"/><span class=\\"form-control-feedback\\"><i class=\\"material-icons \\">clear</i></span><label class=\\"error\\" for=\\"the-input\\" data-test=\\"error-message\\">Bad input</label></div>"`;
